../Core/Src/main.c:152:6:flashWrite	320	static
../Core/Src/main.c:211:6:flashRead	392	static
../Core/Src/main.c:257:5:aiInit	16	static
../Core/Src/main.c:280:5:aiRun	24	static
../Core/Src/main.c:306:5:formatOutputFromResult	176	static
../Core/Src/main.c:342:9:getUserInput	176	static
../Core/Src/main.c:383:6:resetFlash	48	static
../Core/Src/main.c:415:5:main	128	static
../Core/Src/main.c:542:6:SystemClock_Config	96	static
../Core/Src/main.c:593:13:MX_CRC_Init	8	static
../Core/Src/main.c:624:13:MX_I2C2_Init	8	static
../Core/Src/main.c:672:13:MX_OCTOSPI1_Init	32	static
../Core/Src/main.c:720:13:MX_TIM17_Init	8	static
../Core/Src/main.c:752:13:MX_USART1_UART_Init	8	static
../Core/Src/main.c:800:13:MX_GPIO_Init	40	static
../Core/Src/main.c:837:6:HAL_TIM_PeriodElapsedCallback	32	static
../Core/Src/main.c:892:6:HAL_GPIO_EXTI_Callback	16	static
../Core/Src/main.c:904:6:Error_Handler	4	static,ignoring_inline_asm
