../Core/Src/stm32l4s5i_iot01_qspi.c:122:9:BSP_QSPI_Init	24	static,ignoring_inline_asm
../Core/Src/stm32l4s5i_iot01_qspi.c:187:9:BSP_QSPI_DeInit	8	static
../Core/Src/stm32l4s5i_iot01_qspi.c:210:9:BSP_QSPI_Read	104	static
../Core/Src/stm32l4s5i_iot01_qspi.c:258:9:BSP_QSPI_Write	120	static
../Core/Src/stm32l4s5i_iot01_qspi.c:337:9:BSP_QSPI_Erase_Block	96	static
../Core/Src/stm32l4s5i_iot01_qspi.c:389:9:BSP_QSPI_Erase_Sector	96	static
../Core/Src/stm32l4s5i_iot01_qspi.c:434:9:BSP_QSPI_Erase_Chip	88	static
../Core/Src/stm32l4s5i_iot01_qspi.c:477:9:BSP_QSPI_GetStatus	96	static
../Core/Src/stm32l4s5i_iot01_qspi.c:551:9:BSP_QSPI_GetInfo	16	static
../Core/Src/stm32l4s5i_iot01_qspi.c:567:9:BSP_QSPI_EnableMemoryMappedMode	96	static
../Core/Src/stm32l4s5i_iot01_qspi.c:625:9:BSP_QSPI_SuspendErase	88	static
../Core/Src/stm32l4s5i_iot01_qspi.c:669:9:BSP_QSPI_ResumeErase	88	static
../Core/Src/stm32l4s5i_iot01_qspi.c:717:9:BSP_QSPI_EnterDeepPowerDown	88	static
../Core/Src/stm32l4s5i_iot01_qspi.c:751:9:BSP_QSPI_LeaveDeepPowerDown	88	static
../Core/Src/stm32l4s5i_iot01_qspi.c:785:13:BSP_QSPI_MspInit	40	static
../Core/Src/stm32l4s5i_iot01_qspi.c:813:13:BSP_QSPI_MspDeInit	32	static
../Core/Src/stm32l4s5i_iot01_qspi.c:845:16:QSPI_ResetMemory	96	static
../Core/Src/stm32l4s5i_iot01_qspi.c:890:16:QSPI_WriteEnable	120	static
../Core/Src/stm32l4s5i_iot01_qspi.c:945:16:QSPI_AutoPollingMemReady	120	static
../Core/Src/stm32l4s5i_iot01_qspi.c:991:16:QSPI_QuadMode	104	static
../Core/Src/stm32l4s5i_iot01_qspi.c:1084:16:QSPI_HighPerfMode	104	static
