../Drivers/STM32L4xx_HAL_Driver/Src/stm32l4xx_hal_ospi.c:319:19:HAL_OSPI_Init	32	static
../Drivers/STM32L4xx_HAL_Driver/Src/stm32l4xx_hal_ospi.c:456:13:HAL_OSPI_MspInit	16	static
../Drivers/STM32L4xx_HAL_Driver/Src/stm32l4xx_hal_ospi.c:471:19:HAL_OSPI_DeInit	24	static
../Drivers/STM32L4xx_HAL_Driver/Src/stm32l4xx_hal_ospi.c:514:13:HAL_OSPI_MspDeInit	16	static
../Drivers/STM32L4xx_HAL_Driver/Src/stm32l4xx_hal_ospi.c:554:6:HAL_OSPI_IRQHandler	32	static
../Drivers/STM32L4xx_HAL_Driver/Src/stm32l4xx_hal_ospi.c:785:19:HAL_OSPI_Command	48	static
../Drivers/STM32L4xx_HAL_Driver/Src/stm32l4xx_hal_ospi.c:911:19:HAL_OSPI_Command_IT	32	static
../Drivers/STM32L4xx_HAL_Driver/Src/stm32l4xx_hal_ospi.c:1001:19:HAL_OSPI_HyperbusCfg	48	static
../Drivers/STM32L4xx_HAL_Driver/Src/stm32l4xx_hal_ospi.c:1048:19:HAL_OSPI_HyperbusCmd	40	static
../Drivers/STM32L4xx_HAL_Driver/Src/stm32l4xx_hal_ospi.c:1110:19:HAL_OSPI_Transmit	48	static
../Drivers/STM32L4xx_HAL_Driver/Src/stm32l4xx_hal_ospi.c:1184:19:HAL_OSPI_Receive	56	static
../Drivers/STM32L4xx_HAL_Driver/Src/stm32l4xx_hal_ospi.c:1276:19:HAL_OSPI_Transmit_IT	24	static
../Drivers/STM32L4xx_HAL_Driver/Src/stm32l4xx_hal_ospi.c:1326:19:HAL_OSPI_Receive_IT	32	static
../Drivers/STM32L4xx_HAL_Driver/Src/stm32l4xx_hal_ospi.c:1399:19:HAL_OSPI_Transmit_DMA	24	static
../Drivers/STM32L4xx_HAL_Driver/Src/stm32l4xx_hal_ospi.c:1522:19:HAL_OSPI_Receive_DMA	32	static
../Drivers/STM32L4xx_HAL_Driver/Src/stm32l4xx_hal_ospi.c:1661:19:HAL_OSPI_AutoPolling	48	static
../Drivers/STM32L4xx_HAL_Driver/Src/stm32l4xx_hal_ospi.c:1740:19:HAL_OSPI_AutoPolling_IT	40	static
../Drivers/STM32L4xx_HAL_Driver/Src/stm32l4xx_hal_ospi.c:1815:19:HAL_OSPI_MemoryMapped	32	static
../Drivers/STM32L4xx_HAL_Driver/Src/stm32l4xx_hal_ospi.c:1868:13:HAL_OSPI_ErrorCallback	16	static
../Drivers/STM32L4xx_HAL_Driver/Src/stm32l4xx_hal_ospi.c:1883:13:HAL_OSPI_AbortCpltCallback	16	static
../Drivers/STM32L4xx_HAL_Driver/Src/stm32l4xx_hal_ospi.c:1898:13:HAL_OSPI_FifoThresholdCallback	16	static
../Drivers/STM32L4xx_HAL_Driver/Src/stm32l4xx_hal_ospi.c:1913:13:HAL_OSPI_CmdCpltCallback	16	static
../Drivers/STM32L4xx_HAL_Driver/Src/stm32l4xx_hal_ospi.c:1928:13:HAL_OSPI_RxCpltCallback	16	static
../Drivers/STM32L4xx_HAL_Driver/Src/stm32l4xx_hal_ospi.c:1943:14:HAL_OSPI_TxCpltCallback	16	static
../Drivers/STM32L4xx_HAL_Driver/Src/stm32l4xx_hal_ospi.c:1958:13:HAL_OSPI_RxHalfCpltCallback	16	static
../Drivers/STM32L4xx_HAL_Driver/Src/stm32l4xx_hal_ospi.c:1973:13:HAL_OSPI_TxHalfCpltCallback	16	static
../Drivers/STM32L4xx_HAL_Driver/Src/stm32l4xx_hal_ospi.c:1988:13:HAL_OSPI_StatusMatchCallback	16	static
../Drivers/STM32L4xx_HAL_Driver/Src/stm32l4xx_hal_ospi.c:2003:13:HAL_OSPI_TimeOutCallback	16	static
../Drivers/STM32L4xx_HAL_Driver/Src/stm32l4xx_hal_ospi.c:2254:19:HAL_OSPI_Abort	40	static
../Drivers/STM32L4xx_HAL_Driver/Src/stm32l4xx_hal_ospi.c:2322:19:HAL_OSPI_Abort_IT	24	static
../Drivers/STM32L4xx_HAL_Driver/Src/stm32l4xx_hal_ospi.c:2400:19:HAL_OSPI_SetFifoThreshold	24	static
../Drivers/STM32L4xx_HAL_Driver/Src/stm32l4xx_hal_ospi.c:2428:10:HAL_OSPI_GetFifoThreshold	16	static
../Drivers/STM32L4xx_HAL_Driver/Src/stm32l4xx_hal_ospi.c:2438:19:HAL_OSPI_SetTimeout	16	static
../Drivers/STM32L4xx_HAL_Driver/Src/stm32l4xx_hal_ospi.c:2449:10:HAL_OSPI_GetError	16	static
../Drivers/STM32L4xx_HAL_Driver/Src/stm32l4xx_hal_ospi.c:2459:10:HAL_OSPI_GetState	16	static
../Drivers/STM32L4xx_HAL_Driver/Src/stm32l4xx_hal_ospi.c:2491:19:HAL_OSPIM_Config	80	static
../Drivers/STM32L4xx_HAL_Driver/Src/stm32l4xx_hal_ospi.c:2757:13:OSPI_DMACplt	24	static
../Drivers/STM32L4xx_HAL_Driver/Src/stm32l4xx_hal_ospi.c:2777:13:OSPI_DMAHalfCplt	24	static
../Drivers/STM32L4xx_HAL_Driver/Src/stm32l4xx_hal_ospi.c:2805:13:OSPI_DMAError	24	static
../Drivers/STM32L4xx_HAL_Driver/Src/stm32l4xx_hal_ospi.c:2837:13:OSPI_DMAAbortCplt	24	static
../Drivers/STM32L4xx_HAL_Driver/Src/stm32l4xx_hal_ospi.c:2894:26:OSPI_WaitFlagStateUntilTimeout	24	static
../Drivers/STM32L4xx_HAL_Driver/Src/stm32l4xx_hal_ospi.c:2921:26:OSPI_ConfigCmd	40	static
../Drivers/STM32L4xx_HAL_Driver/Src/stm32l4xx_hal_ospi.c:3095:26:OSPIM_GetConfig	32	static
